Adding SPI flash device
ESP-ROM:esp32s3-20210327
Build:Mar 27 2021
rst:0x1 (POWERON),boot:0x4 (SPI_FLASH_BOOT)
M25P80: Read id (command 0x90/0xAB) is not supported by device
SPIWP:0xee
mode:DIO, clock div:1
load:0x3fce2810,len:0x1548
load:0x403c8700,len:0x4
load:0x403c8704,len:0xd0c
load:0x403cb700,len:0x2ed4
entry 0x403c8924
I (39) boot: ESP-IDF v5.4.4 2nd stage bootloader
I (39) boot: Multicore bootloader
M25P80: Unknown cmd 5a
I (44) boot: chip revision: v0.3
I (44) boot: efuse block revision: v0.0
M25P80: Unknown cmd 7a
I (44) boot.esp32s3: Boot SPI Speed : 80MHz
I (44) boot.esp32s3: SPI Mode       : SLOW READ
I (44) boot.esp32s3: SPI Flash Size : 8MB
I (44) boot: Enabling RNG early entropy source...
I (47) boot: Partition Table:
I (47) boot: ## Label            Usage          Type ST Offset   Length
I (47) boot:  0 nvs              WiFi data        01 02 00009000 00006000
I (47) boot:  1 phy_init         RF data          01 01 0000f000 00001000
I (47) boot:  2 factory          factory app      00 00 00010000 00100000
I (47) boot: End of partition table
I (48) esp_image: segment 0: paddr=00010020 vaddr=3c020020 size=0bf70h ( 49008) map
I (75) esp_image: segment 1: paddr=0001bf98 vaddr=3fc93600 size=04080h ( 16512) load
I (97) esp_image: segment 2: paddr=00020020 vaddr=42000020 size=1a9cch (109004) map
I (125) esp_image: segment 3: paddr=0003a9f4 vaddr=3fc97680 size=04574h ( 17780) load
I (144) esp_image: segment 4: paddr=0003ef70 vaddr=40374000 size=0f598h ( 62872) load
I (175) esp_image: segment 5: paddr=0004e510 vaddr=50000000 size=0001ch (    28) load
Invalid read at addr 0x10200C, size 4, region 'er', reason: rejected
Invalid read at addr 0x10200C, size 4, region 'er', reason: rejected
I (194) boot: Loaded app from partition at offset 0x10000
I (194) boot: Disabling RNG early entropy source...
W (409) rtcinit: o_code calibration fail

I (205) cpu_start: Multicore app
I (262) cpu_start: GPIO 44 and 43 are used as console UART I/O pins
Invalid read at addr 0x10200C, size 4, region 'er', reason: rejected
I (262) cpu_start: Pro cpu start user code
I (262) cpu_start: cpu freq: 160000000 Hz
I (262) app_init: Application information:
I (262) app_init: Project name:     domes_qemu_link_probe
I (262) app_init: App version:      v0.1.0-131-g3d6e008-dirty
I (262) app_init: ELF file SHA256:  f2223ce6f...
I (262) app_init: ESP-IDF:          v5.4.4
I (262) efuse_init: Min chip rev:     v0.0
I (262) efuse_init: Max chip rev:     v0.99
I (262) efuse_init: Chip rev:         v0.3
I (262) heap_init: Initializing. RAM available for dynamic allocation:
I (262) heap_init: At 3FC9FEE8 len 00049828 (294 KiB): RAM
I (262) heap_init: At 3FCE9710 len 00005724 (21 KiB): RAM
I (262) heap_init: At 3FCF0000 len 00008000 (32 KiB): DRAM
I (262) heap_init: At 600FE000 len 00001FE8 (7 KiB): RTCRAM
I (262) spi_flash: detected chip: gd
I (262) spi_flash: flash io: dio
I (262) sleep_gpio: Configure to isolate all GPIO pins in sleep state
I (263) sleep_gpio: Enable automatic switching of GPIO sleep configuration
I (275) main_task: Started on CPU0
I (275) main_task: Calling app_main()
I (275) trace_buf: Trace buffer initialized (16384 bytes, ~1024 events)
I (275) trace_rec: Trace recorder initialized
I (275) espnow: Initializing ESP-NOW transport
I (276) espnow: ESP-NOW transport initialized (broadcast peer added)
I (276) trace_rec: Tracing enabled
I (276) espnow: EspNowService: our MAC = 02:00:00:00:00:01
I (276) espnow: ESP-NOW service task started
I (276) espnow: === Phase 1: Discovery ===
DOMES_PEER_DELIVERY schema=1 deadline_ns=622957272 class=1 source=2 destination=1 sequence=0 correlation=1 payload=0102000000000211000000
I (296) espnow: Peer added: 02:00:00:00:00:02
I (296) espnow: *** NEW PEER: 02:00:00:00:00:02 ***
I (296) espnow: BEACON from 02:00:00:00:00:02 (count=1)
I (297) trace_rec: Tracing disabled
DOMES_QEMU_LINK_TRACE schema=1 index=0 timestamp=603212 task=1 type=16 arg1=1 token=1
DOMES_QEMU_LINK_TRACE schema=1 index=1 timestamp=603215 task=2 type=16 arg1=23 token=1
DOMES_QEMU_LINK_TRACE schema=1 index=2 timestamp=603646 task=0 type=34 arg1=1663866475 token=0
DOMES_QEMU_LINK_TRACE schema=1 index=3 timestamp=622914 task=1 type=32 arg1=875536691 token=0
DOMES_QEMU_LINK_TRACE schema=1 index=4 timestamp=622921 task=1 type=9 arg1=2852168596 token=0
DOMES_QEMU_LINK_TRACE schema=1 index=5 timestamp=622928 task=1 type=25 arg1=3698869077 token=1
DOMES_QEMU_LINK_TRACE schema=1 index=6 timestamp=622935 task=1 type=25 arg1=3517568895 token=1
DOMES_QEMU_LINK_TRACE schema=1 index=7 timestamp=622943 task=0 type=22 arg1=0 token=1
DOMES_QEMU_LINK_TRACE schema=1 index=8 timestamp=622959 task=0 type=23 arg1=0 token=1
DOMES_QEMU_LINK_TRACE schema=1 index=9 timestamp=622969 task=2 type=26 arg1=1184188258 token=1
DOMES_QEMU_LINK_TRACE schema=1 index=10 timestamp=622974 task=2 type=28 arg1=3765542678 token=1
DOMES_QEMU_LINK_TRACE schema=1 index=11 timestamp=622980 task=2 type=29 arg1=3765542678 token=1
DOMES_QEMU_LINK_TRACE schema=1 index=12 timestamp=622985 task=2 type=30 arg1=1457209874 token=1
DOMES_QEMU_LINK_TRACE schema=1 index=13 timestamp=622992 task=2 type=26 arg1=1184188258 token=1
DOMES_QEMU_LINK_TRACE schema=1 index=14 timestamp=622998 task=2 type=28 arg1=1917337756 token=1
DOMES_QEMU_LINK_TRACE schema=1 index=15 timestamp=623007 task=2 type=25 arg1=2454392546 token=1
DOMES_QEMU_LINK_TRACE schema=1 index=16 timestamp=623015 task=2 type=13 arg1=43500490 token=1
DOMES_QEMU_LINK_TRACE schema=1 index=17 timestamp=623020 task=2 type=29 arg1=1917337756 token=1
DOMES_QEMU_LINK_TRACE schema=1 index=18 timestamp=623042 task=0 type=12 arg1=43500490 token=1
DOMES_QEMU_LINK_TRACE schema=1 index=19 timestamp=623048 task=0 type=26 arg1=2454392546 token=1
DOMES_QEMU_LINK_TRACE schema=1 index=20 timestamp=623056 task=0 type=35 arg1=1342618243 token=11
DOMES_QEMU_LINK_TRACE schema=1 index=21 timestamp=623063 task=0 type=30 arg1=814375161 token=1
DOMES_QEMU_LINK_TRACE schema=1 index=22 timestamp=623074 task=0 type=34 arg1=1720819527 token=0
DOMES_QEMU_LINK_TRACE schema=1 index=23 timestamp=623081 task=0 type=32 arg1=398225468 token=0
DOMES_QEMU_LINK_TRACE schema=1 index=24 timestamp=623169 task=0 type=33 arg1=398225468 token=0
DOMES_QEMU_LINK_TRACE schema=1 index=25 timestamp=623268 task=0 type=34 arg1=2205354863 token=0
DOMES_QEMU_LINK_TRACE schema=1 index=26 timestamp=623386 task=1 type=35 arg1=4181967603 token=0
DOMES_QEMU_LINK_TRACE schema=1 index=27 timestamp=623391 task=1 type=10 arg1=2852168596 token=0
DOMES_QEMU_LINK_TRACE schema=1 index=28 timestamp=623398 task=1 type=35 arg1=2739499718 token=11
DOMES_QEMU_LINK_TRACE schema=1 index=29 timestamp=623403 task=1 type=33 arg1=875536691 token=0
DOMES_QEMU_LINK_TRACE schema=1 index=30 timestamp=623408 task=1 type=34 arg1=3945415286 token=1
DOMES_QEMU_LINK_RESULT schema=2 status=PASS failure_mask=0x00000000 token=1 service_dispatches=1 trace_drops=0 trace_discontinuities=0
I (300) qemu_link_slice: FS-WP-002F vertical slice complete
I (796) espnow: Peer removed: 02:00:00:00:00:02
I (796) espnow: ESP-NOW service task exiting
