Adding SPI flash device
ESP-ROM:esp32s3-20210327
Build:Mar 27 2021
rst:0x1 (POWERON),boot:0x4 (SPI_FLASH_BOOT)
SPIWP:0xee
mode:DIO, clock div:1
load:0x3fce2810,len:0x1548
load:0x403c8700,len:0x4
load:0x403c8704,len:0xd0c
load:0x403cb700,len:0x2ed4
entry 0x403c8924
I (39) boot: ESP-IDF v5.4.4 2nd stage bootloader
I (39) boot: Multicore bootloader
I (44) boot: chip revision: v0.3
I (44) boot: efuse block revision: v0.0
I (44) boot.esp32s3: Boot SPI Speed : 80MHz
I (44) boot.esp32s3: SPI Mode       : SLOW READ
I (44) boot.esp32s3: SPI Flash Size : 4MB
I (44) boot: Enabling RNG early entropy source...
I (47) boot: Partition Table:
I (47) boot: ## Label            Usage          Type ST Offset   Length
I (47) boot:  0 nvs              WiFi data        01 02 00009000 00006000
I (47) boot:  1 phy_init         RF data          01 01 0000f000 00001000
I (47) boot:  2 factory          factory app      00 00 00010000 00100000
I (47) boot: End of partition table
I (48) esp_image: segment 0: paddr=00010020 vaddr=3c020020 size=084a4h ( 33956) map
I (75) esp_image: segment 1: paddr=000184cc vaddr=3fc92800 size=02c9ch ( 11420) load
I (93) esp_image: segment 2: paddr=0001b170 vaddr=40374000 size=04ea8h ( 20136) load
I (99) esp_image: segment 3: paddr=00020020 vaddr=42000020 size=1167ch ( 71292) map
I (125) esp_image: segment 4: paddr=000316a4 vaddr=40378ea8 size=09940h ( 39232) load
I (144) esp_image: segment 5: paddr=0003afec vaddr=50000000 size=0001ch (    28) load
I (150) boot: Loaded app from partition at offset 0x10000
I (150) boot: Disabling RNG early entropy source...
W (404) rtcinit: o_code calibration fail

I (202) cpu_start: Multicore app
I (268) cpu_start: GPIO 44 and 43 are used as console UART I/O pins
I (268) cpu_start: Pro cpu start user code
I (268) cpu_start: cpu freq: 160000000 Hz
I (268) app_init: Application information:
I (268) app_init: Project name:     domes_qemu_probe
I (268) app_init: App version:      v0.1.0-22-gb12dbdd
I (268) app_init: ELF file SHA256:  915b094e4...
I (268) app_init: ESP-IDF:          v5.4.4
I (268) efuse_init: Min chip rev:     v0.0
I (268) efuse_init: Max chip rev:     v0.99 
I (268) efuse_init: Chip rev:         v0.3
I (268) heap_init: Initializing. RAM available for dynamic allocation:
I (268) heap_init: At 3FC95DA0 len 00053970 (334 KiB): RAM
I (268) heap_init: At 3FCE9710 len 00005724 (21 KiB): RAM
I (268) heap_init: At 3FCF0000 len 00008000 (32 KiB): DRAM
I (268) heap_init: At 600FE000 len 00001FE8 (7 KiB): RTCRAM
I (268) spi_flash: detected chip: gd
I (268) spi_flash: flash io: dio
I (268) sleep_gpio: Configure to isolate all GPIO pins in sleep state
I (268) sleep_gpio: Enable automatic switching of GPIO sleep configuration
I (279) main_task: Started on CPU0
I (279) main_task: Calling app_main()
I (279) domes_qemu_probe: FS-WP-002B bounded feasibility probe starting
DOMES_QEMU_OBSERVATION schema=3 core0_wait_ticks=2 core1_wait_ticks=4 irq_wait_ticks=2 tick_start=6 tick_end=8 tick_delta=2 irq_alarm=2000 irq_count_value=2001 irq_count_delta=1
DOMES_QEMU_RESULT schema=3 status=PASS failure_mask=0 cores=2 controller_core=0 core0_task_core=0 core1_task_core=1 core0_runs=1 core1_runs=1 core0_phases=5 core1_phases=5 core0_blocks=1 core1_blocks=2 core0_wakeups=1 core1_wakeups=2 task_handoff_0_to_1=1 task_handoff_1_to_0=1 tick_progress=1 irq_source_core=0 irq_count=1 irq_drops=0 irq_sequence=1 irq_consumer_core=1 irq_consumer_wakeups=1 irq_to_core1_handoff=1 timer_cleanup=1 probe_state=complete
